C:\Program Files\dotnet\sdk\10.0.300-preview.0.26177.108\Sdks\Microsoft.NET.Sdk\targets\Microsoft.NET.RuntimeIdentifierInference.targets(383,5): message NETSDK1057: You are using a preview version of .NET. See: https://aka.ms/dotnet-support-policy [C:\src\ElBruno.Text2Image\src\samples\scenario-01-simple\scenario-01-simple.csproj]
C:\Program Files\dotnet\sdk\10.0.300-preview.0.26177.108\Sdks\Microsoft.NET.Sdk\targets\Microsoft.NET.RuntimeIdentifierInference.targets(383,5): message NETSDK1057: You are using a preview version of .NET. See: https://aka.ms/dotnet-support-policy [C:\src\ElBruno.Text2Image\src\samples\scenario-06-model-comparison\scenario-06-model-comparison.csproj]
C:\Program Files\dotnet\sdk\10.0.300-preview.0.26177.108\Sdks\Microsoft.NET.Sdk\targets\Microsoft.NET.RuntimeIdentifierInference.targets(383,5): message NETSDK1057: You are using a preview version of .NET. See: https://aka.ms/dotnet-support-policy [C:\src\ElBruno.Text2Image\src\samples\scenario-04-lcm-fast\scenario-04-lcm-fast.csproj]
C:\Program Files\dotnet\sdk\10.0.300-preview.0.26177.108\Sdks\Microsoft.NET.Sdk\targets\Microsoft.NET.RuntimeIdentifierInference.targets(383,5): message NETSDK1057: You are using a preview version of .NET. See: https://aka.ms/dotnet-support-policy [C:\src\ElBruno.Text2Image\src\samples\scenario-09-batch-generation\scenario-09-batch-generation.csproj]
C:\Program Files\dotnet\sdk\10.0.300-preview.0.26177.108\Sdks\Microsoft.NET.Sdk\targets\Microsoft.NET.RuntimeIdentifierInference.targets(383,5): message NETSDK1057: You are using a preview version of .NET. See: https://aka.ms/dotnet-support-policy [C:\src\ElBruno.Text2Image\src\samples\scenario-13-mai-image2-cloud\scenario-13-mai-image2-cloud.csproj]
C:\Program Files\dotnet\sdk\10.0.300-preview.0.26177.108\Sdks\Microsoft.NET.Sdk\targets\Microsoft.NET.RuntimeIdentifierInference.targets(383,5): message NETSDK1057: You are using a preview version of .NET. See: https://aka.ms/dotnet-support-policy [C:\src\ElBruno.Text2Image\src\samples\scenario-10-progress-reporting\scenario-10-progress-reporting.csproj]
C:\Program Files\dotnet\sdk\10.0.300-preview.0.26177.108\Sdks\Microsoft.NET.Sdk\targets\Microsoft.NET.RuntimeIdentifierInference.targets(383,5): message NETSDK1057: You are using a preview version of .NET. See: https://aka.ms/dotnet-support-policy [C:\src\ElBruno.Text2Image\src\samples\scenario-08-meai-interface\scenario-08-meai-interface.csproj]
C:\Program Files\dotnet\sdk\10.0.300-preview.0.26177.108\Sdks\Microsoft.NET.Sdk\targets\Microsoft.NET.RuntimeIdentifierInference.targets(383,5): message NETSDK1057: You are using a preview version of .NET. See: https://aka.ms/dotnet-support-policy [C:\src\ElBruno.Text2Image\src\samples\scenario-07-custom-model-directory\scenario-07-custom-model-directory.csproj]
C:\Program Files\dotnet\sdk\10.0.300-preview.0.26177.108\Sdks\Microsoft.NET.Sdk\targets\Microsoft.NET.RuntimeIdentifierInference.targets(383,5): message NETSDK1057: You are using a preview version of .NET. See: https://aka.ms/dotnet-support-policy [C:\src\ElBruno.Text2Image\src\samples\scenario-02-custom-options\scenario-02-custom-options.csproj]
C:\Program Files\dotnet\sdk\10.0.300-preview.0.26177.108\Sdks\Microsoft.NET.Sdk\targets\Microsoft.NET.RuntimeIdentifierInference.targets(383,5): message NETSDK1057: You are using a preview version of .NET. See: https://aka.ms/dotnet-support-policy [C:\src\ElBruno.Text2Image\src\samples\scenario-14-gpu-stress-test\scenario-14-gpu-stress-test.csproj]
C:\Program Files\dotnet\sdk\10.0.300-preview.0.26177.108\Sdks\Microsoft.NET.Sdk\targets\Microsoft.NET.RuntimeIdentifierInference.targets(383,5): message NETSDK1057: You are using a preview version of .NET. See: https://aka.ms/dotnet-support-policy [C:\src\ElBruno.Text2Image\src\samples\scenario-05-sd21\scenario-05-sd21.csproj]
C:\Program Files\dotnet\sdk\10.0.300-preview.0.26177.108\Sdks\Microsoft.NET.Sdk\targets\Microsoft.NET.RuntimeIdentifierInference.targets(383,5): message NETSDK1057: You are using a preview version of .NET. See: https://aka.ms/dotnet-support-policy [C:\src\ElBruno.Text2Image\src\samples\scenario-03-flux2-cloud\scenario-03-flux2-cloud.csproj]
C:\Program Files\dotnet\sdk\10.0.300-preview.0.26177.108\Sdks\Microsoft.NET.Sdk\targets\Microsoft.NET.RuntimeIdentifierInference.targets(383,5): message NETSDK1057: You are using a preview version of .NET. See: https://aka.ms/dotnet-support-policy [C:\src\ElBruno.Text2Image\src\samples\scenario-11-gpu-diagnostics\scenario-11-gpu-diagnostics.csproj]
C:\Program Files\dotnet\sdk\10.0.300-preview.0.26177.108\Sdks\Microsoft.NET.Sdk\targets\Microsoft.NET.RuntimeIdentifierInference.targets(383,5): message NETSDK1057: You are using a preview version of .NET. See: https://aka.ms/dotnet-support-policy [C:\src\ElBruno.Text2Image\src\ElBruno.Text2Image\ElBruno.Text2Image.csproj::TargetFramework=net10.0]
C:\Program Files\dotnet\sdk\10.0.300-preview.0.26177.108\Sdks\Microsoft.NET.Sdk\targets\Microsoft.NET.RuntimeIdentifierInference.targets(383,5): message NETSDK1057: You are using a preview version of .NET. See: https://aka.ms/dotnet-support-policy [C:\src\ElBruno.Text2Image\src\ElBruno.Text2Image.Cli\ElBruno.Text2Image.Cli.csproj]
C:\Program Files\dotnet\sdk\10.0.300-preview.0.26177.108\Sdks\Microsoft.NET.Sdk\targets\Microsoft.NET.RuntimeIdentifierInference.targets(383,5): message NETSDK1057: You are using a preview version of .NET. See: https://aka.ms/dotnet-support-policy [C:\src\ElBruno.Text2Image\src\ElBruno.Text2Image.Foundry\ElBruno.Text2Image.Foundry.csproj::TargetFramework=net8.0]
  ElBruno.Text2Image -> C:\src\ElBruno.Text2Image\src\ElBruno.Text2Image\bin\Debug\net10.0\ElBruno.Text2Image.dll
  ElBruno.Text2Image -> C:\src\ElBruno.Text2Image\src\ElBruno.Text2Image\bin\Debug\net8.0\ElBruno.Text2Image.dll
C:\Program Files\dotnet\sdk\10.0.300-preview.0.26177.108\Sdks\Microsoft.NET.Sdk\targets\Microsoft.NET.RuntimeIdentifierInference.targets(383,5): message NETSDK1057: You are using a preview version of .NET. See: https://aka.ms/dotnet-support-policy [C:\src\ElBruno.Text2Image\src\ElBruno.Text2Image.Cpu\ElBruno.Text2Image.Cpu.csproj::TargetFramework=net8.0]
C:\Program Files\dotnet\sdk\10.0.300-preview.0.26177.108\Sdks\Microsoft.NET.Sdk\targets\Microsoft.NET.RuntimeIdentifierInference.targets(383,5): message NETSDK1057: You are using a preview version of .NET. See: https://aka.ms/dotnet-support-policy [C:\src\ElBruno.Text2Image\src\ElBruno.Text2Image.Foundry\ElBruno.Text2Image.Foundry.csproj::TargetFramework=net10.0]
C:\Program Files\dotnet\sdk\10.0.300-preview.0.26177.108\Sdks\Microsoft.NET.Sdk\targets\Microsoft.NET.RuntimeIdentifierInference.targets(383,5): message NETSDK1057: You are using a preview version of .NET. See: https://aka.ms/dotnet-support-policy [C:\src\ElBruno.Text2Image\src\ElBruno.Text2Image.Cuda\ElBruno.Text2Image.Cuda.csproj::TargetFramework=net8.0]
C:\Program Files\dotnet\sdk\10.0.300-preview.0.26177.108\Sdks\Microsoft.NET.Sdk\targets\Microsoft.NET.RuntimeIdentifierInference.targets(383,5): message NETSDK1057: You are using a preview version of .NET. See: https://aka.ms/dotnet-support-policy [C:\src\ElBruno.Text2Image\src\ElBruno.Text2Image.DirectML\ElBruno.Text2Image.DirectML.csproj::TargetFramework=net10.0]
C:\Program Files\dotnet\sdk\10.0.300-preview.0.26177.108\Sdks\Microsoft.NET.Sdk\targets\Microsoft.NET.RuntimeIdentifierInference.targets(383,5): message NETSDK1057: You are using a preview version of .NET. See: https://aka.ms/dotnet-support-policy [C:\src\ElBruno.Text2Image\src\ElBruno.Text2Image.Tests\ElBruno.Text2Image.Tests.csproj::TargetFramework=net8.0]
C:\Program Files\dotnet\sdk\10.0.300-preview.0.26177.108\Sdks\Microsoft.NET.Sdk\targets\Microsoft.NET.RuntimeIdentifierInference.targets(383,5): message NETSDK1057: You are using a preview version of .NET. See: https://aka.ms/dotnet-support-policy [C:\src\ElBruno.Text2Image\src\ElBruno.Text2Image.Cpu\ElBruno.Text2Image.Cpu.csproj::TargetFramework=net10.0]
  ElBruno.Text2Image.Cpu -> C:\src\ElBruno.Text2Image\src\ElBruno.Text2Image.Cpu\bin\Debug\net10.0\ElBruno.Text2Image.Cpu.dll
  ElBruno.Text2Image.Foundry -> C:\src\ElBruno.Text2Image\src\ElBruno.Text2Image.Foundry\bin\Debug\net10.0\ElBruno.Text2Image.Foundry.dll
  ElBruno.Text2Image.Cuda -> C:\src\ElBruno.Text2Image\src\ElBruno.Text2Image.Cuda\bin\Debug\net10.0\ElBruno.Text2Image.Cuda.dll
  ElBruno.Text2Image.DirectML -> C:\src\ElBruno.Text2Image\src\ElBruno.Text2Image.DirectML\bin\Debug\net10.0\ElBruno.Text2Image.DirectML.dll
  scenario-04-lcm-fast -> C:\src\ElBruno.Text2Image\src\samples\scenario-04-lcm-fast\bin\Debug\net10.0\scenario-04-lcm-fast.dll
  scenario-02-custom-options -> C:\src\ElBruno.Text2Image\src\samples\scenario-02-custom-options\bin\Debug\net10.0\scenario-02-custom-options.dll
  scenario-06-model-comparison -> C:\src\ElBruno.Text2Image\src\samples\scenario-06-model-comparison\bin\Debug\net10.0\scenario-06-model-comparison.dll
  scenario-07-custom-model-directory -> C:\src\ElBruno.Text2Image\src\samples\scenario-07-custom-model-directory\bin\Debug\net10.0\scenario-07-custom-model-directory.dll
  scenario-08-meai-interface -> C:\src\ElBruno.Text2Image\src\samples\scenario-08-meai-interface\bin\Debug\net10.0\scenario-08-meai-interface.dll
  scenario-10-progress-reporting -> C:\src\ElBruno.Text2Image\src\samples\scenario-10-progress-reporting\bin\Debug\net10.0\scenario-10-progress-reporting.dll
  scenario-03-flux2-cloud -> C:\src\ElBruno.Text2Image\src\samples\scenario-03-flux2-cloud\bin\Debug\net10.0\scenario-03-flux2-cloud.dll
  scenario-09-batch-generation -> C:\src\ElBruno.Text2Image\src\samples\scenario-09-batch-generation\bin\Debug\net10.0\scenario-09-batch-generation.dll
  scenario-05-sd21 -> C:\src\ElBruno.Text2Image\src\samples\scenario-05-sd21\bin\Debug\net10.0\scenario-05-sd21.dll
  scenario-13-mai-image2-cloud -> C:\src\ElBruno.Text2Image\src\samples\scenario-13-mai-image2-cloud\bin\Debug\net10.0\scenario-13-mai-image2-cloud.dll
C:\Program Files\dotnet\sdk\10.0.300-preview.0.26177.108\Sdks\Microsoft.NET.Sdk\targets\Microsoft.NET.RuntimeIdentifierInference.targets(383,5): message NETSDK1057: You are using a preview version of .NET. See: https://aka.ms/dotnet-support-policy [C:\src\ElBruno.Text2Image\src\ElBruno.Text2Image.Tests\ElBruno.Text2Image.Tests.csproj::TargetFramework=net10.0]
  ElBruno.Text2Image.Cli -> C:\src\ElBruno.Text2Image\src\ElBruno.Text2Image.Cli\bin\Debug\net10.0\t2i.dll
  scenario-01-simple -> C:\src\ElBruno.Text2Image\src\samples\scenario-01-simple\bin\Debug\net10.0\scenario-01-simple.dll
  scenario-11-gpu-diagnostics -> C:\src\ElBruno.Text2Image\src\samples\scenario-11-gpu-diagnostics\bin\Debug\net10.0\scenario-11-gpu-diagnostics.dll
  ElBruno.Text2Image.Foundry -> C:\src\ElBruno.Text2Image\src\ElBruno.Text2Image.Foundry\bin\Debug\net8.0\ElBruno.Text2Image.Foundry.dll
  ElBruno.Text2Image.Cpu -> C:\src\ElBruno.Text2Image\src\ElBruno.Text2Image.Cpu\bin\Debug\net8.0\ElBruno.Text2Image.Cpu.dll
  scenario-14-gpu-stress-test -> C:\src\ElBruno.Text2Image\src\samples\scenario-14-gpu-stress-test\bin\Debug\net10.0\scenario-14-gpu-stress-test.dll
  ElBruno.Text2Image.DirectML -> C:\src\ElBruno.Text2Image\src\ElBruno.Text2Image.DirectML\bin\Debug\net8.0\ElBruno.Text2Image.DirectML.dll
  ElBruno.Text2Image.Cuda -> C:\src\ElBruno.Text2Image\src\ElBruno.Text2Image.Cuda\bin\Debug\net8.0\ElBruno.Text2Image.Cuda.dll
  ElBruno.Text2Image.Tests -> C:\src\ElBruno.Text2Image\src\ElBruno.Text2Image.Tests\bin\Debug\net8.0\ElBruno.Text2Image.Tests.dll
  ElBruno.Text2Image.Tests -> C:\src\ElBruno.Text2Image\src\ElBruno.Text2Image.Tests\bin\Debug\net10.0\ElBruno.Text2Image.Tests.dll

Build succeeded.
    0 Warning(s)
    0 Error(s)

Time Elapsed 00:00:45.52
